2024-08-24 19:16:11 - Alert: Detect a malicious TCP packet
