2024-08-24 13:57:58 - Alert: Detect an ICMP packet from IP address 192.168.0.33
2024-08-24 13:57:58 - Alert: Detect an ICMP packet from IP address 192.168.0.33
2024-08-24 13:57:58 - Alert: Detect an ICMP packet from IP address 192.168.0.33
2024-08-24 13:57:58 - Alert: Detect an ICMP packet from IP address 192.168.0.33
2024-08-24 13:57:58 - Alert: Detect an ICMP packet from IP address 192.168.0.33
2024-08-24 13:57:58 - Alert: Detect an ICMP packet from IP address 192.168.0.33
