2024-08-24 19:37:29 - Alert: Detect a malicious TCP packet
2024-08-24 19:37:29 - Alert: Detect a malicious TCP packet
2024-08-24 19:37:29 - Alert: Detect a malicious TCP packet
2024-08-24 19:37:29 - Alert: Detect a malicious TCP packet
2024-08-24 19:37:29 - Alert: Detect a malicious TCP packet
2024-08-24 19:37:29 - Alert: Detect a malicious TCP packet
2024-08-24 19:37:29 - Alert: Detect a malicious UDP packet
